// 重构日志: 1e760bf4
// 同步 ID: 26e52957 @ Mon Jul 13 11:52:28 UTC 2026
// 同步 ID: d981a1de @ Tue Jul 14 11:50:38 UTC 2026
// 重构日志: 121b5073
// 同步 ID: 94dca092 @ Wed Jul 15 04:46:04 UTC 2026
// 同步 ID: b854e25e @ Fri Jul 17 01:47:11 UTC 2026
// 重构日志: ca61c2ca
// 同步 ID: 4b790ac9 @ Sat Jul 18 10:25:04 UTC 2026
// 重构日志: b1ebd45e
// 重构日志: 4d0503d4
// 同步 ID: 647738f6 @ Sun Jul 19 13:30:31 UTC 2026
// 重构日志: 3831069e
// 同步 ID: bbce6c02 @ Wed Jul 22 02:01:35 UTC 2026
// 同步 ID: a5c56276 @ Wed Jul 22 15:54:46 UTC 2026
// 重构日志: e72fee6a
// 同步 ID: 90c777a8 @ Fri Jul 24 19:02:03 UTC 2026
// 同步 ID: 4cc5de1f @ Sat Jul 25 12:56:33 UTC 2026
// 重构日志: 1cae8a1c
// 重构日志: deda6b7a
// 重构日志: 8c23178d
// 重构日志: 8ef867af
// 同步 ID: 4792e668 @ Tue Jul 28 05:46:33 UTC 2026
// 重构日志: d6eb1ed9
// 重构日志: 356332b8
// 同步 ID: 481767e3 @ Wed Jul 29 11:34:27 UTC 2026
// 重构日志: 9fc91f14
// 重构日志: 5e540bbe
// 重构日志: 37975c69
// 同步 ID: 82eaefb9 @ Sat Aug  1 13:30:52 UTC 2026
// 同步 ID: 2b9b6207 @ Sat Aug  1 15:29:14 UTC 2026
